Archive member included to satisfy reference by file (symbol)

arch/arm/lib/lib.a(ashldi3.o)
                              drivers/mmc/built-in.o (__aeabi_llsl)
arch/arm/lib/lib.a(lib1funcs.o)
                              cmd/built-in.o (__aeabi_uidiv)
arch/arm/lib/lib.a(lshrdi3.o)
                              fs/built-in.o (__aeabi_llsr)
arch/arm/lib/lib.a(div0.o)    arch/arm/lib/lib.a(lib1funcs.o) (__div0)

Discarded input sections

 .data          0x00000000        0x0 arch/arm/cpu/armv7/start.o
 .bss           0x00000000        0x0 arch/arm/cpu/armv7/start.o
 .text.v7_arch_cp15_set_l2aux_ctrl
                0x00000000        0x8 arch/arm/cpu/armv7/built-in.o
 .text.v7_arch_cp15_set_acr
                0x00000000        0x8 arch/arm/cpu/armv7/built-in.o
 .text.sdelay   0x00000000        0xc arch/arm/cpu/armv7/built-in.o
 .text.wait_on_value
                0x00000000       0x38 arch/arm/cpu/armv7/built-in.o
 .data          0x00000000        0x0 arch/arm/cpu/armv7/built-in.o
 .bss           0x00000000        0x0 arch/arm/cpu/armv7/built-in.o
 .text.armv7_boot_nonsec_default
                0x00000000        0x8 arch/arm/lib/built-in.o
 .text.enable_caches
                0x00000000        0xc arch/arm/lib/built-in.o
 .text.invalidate_dcache_range
                0x00000000        0x4 arch/arm/lib/built-in.o
 .text.flush_dcache_range
                0x00000000        0x4 arch/arm/lib/built-in.o
 .text.flush_dcache_all
                0x00000000        0xc arch/arm/lib/built-in.o
 .text.arm_init_before_mmu
                0x00000000        0x4 arch/arm/lib/built-in.o
 .text.mmu_page_table_flush
                0x00000000        0x4 arch/arm/lib/built-in.o
 .text.icache_status
                0x00000000       0x24 arch/arm/lib/built-in.o
 .text.fdt_psci
                0x00000000        0x8 arch/arm/lib/built-in.o
 .rodata.enable_caches.str1.1
                0x00000000       0x1d arch/arm/lib/built-in.o
 .data          0x00000000        0x0 arch/arm/lib/built-in.o
 .__secure_end  0x00000000        0x0 arch/arm/lib/built-in.o
 .__secure_stack_end
                0x00000000        0x0 arch/arm/lib/built-in.o
 .__secure_stack_start
                0x00000000        0x0 arch/arm/lib/built-in.o
 .__secure_start
                0x00000000        0x0 arch/arm/lib/built-in.o
 .bss           0x00000000        0x0 arch/arm/lib/built-in.o
 .text          0x00000000        0x0 arch/arm/mach-bcm283x/built-in.o
 .data          0x00000000        0x0 arch/arm/mach-bcm283x/built-in.o
 .bss           0x00000000        0x0 arch/arm/mach-bcm283x/built-in.o
 .data          0x00000000        0x0 board/raspberrypi/rpi/built-in.o
 .bss           0x00000000        0x0 board/raspberrypi/rpi/built-in.o
 .text          0x00000000        0x0 cmd/built-in.o
 .text.bootz_setup
                0x00000000       0x18 cmd/built-in.o
 .text.name_to_gpio
                0x00000000        0xc cmd/built-in.o
 .rodata.bootz_setup.str1.1
                0x00000000       0x34 cmd/built-in.o
 .data          0x00000000        0x0 cmd/built-in.o
 .bss           0x00000000        0x0 cmd/built-in.o
 .text          0x00000000        0x0 common/built-in.o
 .text.hash_finish_crc32
                0x00000000       0x30 common/built-in.o
 .text.hash_update_crc32
                0x00000000       0x24 common/built-in.o
 .text.hash_init_crc32
                0x00000000       0x24 common/built-in.o
 .text.hash_lookup_algo
                0x00000000       0x28 common/built-in.o
 .text.hash_progressive_lookup_algo
                0x00000000       0x3c common/built-in.o
 .text.hash_parse_string
                0x00000000       0x68 common/built-in.o
 .text.hash_block
                0x00000000       0x6c common/built-in.o
 .text.unset_local_var
                0x00000000       0xa0 common/built-in.o
 .text.arch_cpu_init
                0x00000000        0x8 common/built-in.o
 .text.red_led_off
                0x00000000        0x4 common/built-in.o
 .text.green_led_on
                0x00000000        0x4 common/built-in.o
 .text.green_led_off
                0x00000000        0x4 common/built-in.o
 .text.yellow_led_on
                0x00000000        0x4 common/built-in.o
 .text.yellow_led_off
                0x00000000        0x4 common/built-in.o
 .text.blue_led_on
                0x00000000        0x4 common/built-in.o
 .text.blue_led_off
                0x00000000        0x4 common/built-in.o
 .text.board_get_usable_ram_top
                0x00000000        0xc common/built-in.o
 .text.arch_reserve_stacks
                0x00000000        0x8 common/built-in.o
 .text.board_flash_wp_on
                0x00000000        0x8 common/built-in.o
 .text.fixup_cpu
                0x00000000        0x8 common/built-in.o
 .text.env_flags_parse_varaccess_from_binflags
                0x00000000       0x54 common/built-in.o
 .text.fdt_read_prop
                0x00000000       0x64 common/built-in.o
 .text.fdt_getprop_u32_default_node
[...]
Memory Configuration

Name             Origin             Length             Attributes
*default*        0x00000000         0xffffffff

Linker script and memory map

Address of section .text set to 0x8000
                0x00000000                . = 0x0
                0x00000000                . = ALIGN (0x4)

.text           0x00008000    0x3a3b8
 *(.__image_copy_start)
 .__image_copy_start
                0x00008000        0x0 arch/arm/lib/built-in.o
                0x00008000                __image_copy_start
 *(.vectors)
 .vectors       0x00008000      0x2e8 arch/arm/lib/built-in.o
                0x00008000                _start
                0x00008020                _undefined_instruction
                0x00008024                _software_interrupt
                0x00008028                _prefetch_abort
                0x0000802c                _data_abort
                0x00008030                _not_used
                0x00008034                _irq
                0x00008038                _fiq
                0x00008040                IRQ_STACK_START_IN
 arch/arm/cpu/armv7/start.o(.text*)
 .text          0x000082e8       0xb8 arch/arm/cpu/armv7/start.o
                0x000082e8                reset
                0x000082ec                save_boot_params_ret
                0x000082fc                switch_to_hypervisor_ret
                0x00008330                c_runtime_cpu_setup
                0x00008344                switch_to_hypervisor
                0x00008348                cpu_init_cp15
 *(.text*)
 .text          0x000083a0      0x148 arch/arm/cpu/armv7/built-in.o
                0x000083a0                __v7_flush_dcache_all
                0x00008434                v7_flush_dcache_all
                0x00008444                __v7_invalidate_dcache_all
                0x000084d8                v7_invalidate_dcache_all
 .text.invalidate_icache_all
                0x000084e8       0x18 arch/arm/cpu/armv7/built-in.o
                0x000084e8                invalidate_icache_all
 .text.v7_outer_cache_enable
                0x00008500        0x4 arch/arm/cpu/armv7/built-in.o
                0x00008500                v7_outer_cache_enable
 .text.v7_outer_cache_disable
                0x00008504        0x4 arch/arm/cpu/armv7/built-in.o
                0x00008504                v7_outer_cache_disable
 .text.v7_outer_cache_flush_all
                0x00008508        0x4 arch/arm/cpu/armv7/built-in.o
                0x00008508                v7_outer_cache_flush_all
 .text.flush_dcache_all
                0x0000850c       0x10 arch/arm/cpu/armv7/built-in.o
                0x0000850c                flush_dcache_all
 .text.v7_outer_cache_inval_all
                0x0000851c        0x4 arch/arm/cpu/armv7/built-in.o
                0x0000851c                v7_outer_cache_inval_all
 .text.invalidate_dcache_all
                0x00008520       0x10 arch/arm/cpu/armv7/built-in.o
                0x00008520                invalidate_dcache_all
 .text.arm_init_before_mmu
                0x00008530       0x28 arch/arm/cpu/armv7/built-in.o
                0x00008530                arm_init_before_mmu
 .text.v7_outer_cache_flush_range
                0x00008558        0x4 arch/arm/cpu/armv7/built-in.o
                0x00008558                v7_outer_cache_flush_range
 .text.flush_dcache_range
                0x0000855c       0x54 arch/arm/cpu/armv7/built-in.o
                0x0000855c                flush_dcache_range
 .text.mmu_page_table_flush
                0x000085b0       0x24 arch/arm/cpu/armv7/built-in.o
                0x000085b0                mmu_page_table_flush
 .text.v7_outer_cache_inval_range
                0x000085d4        0x4 arch/arm/cpu/armv7/built-in.o
                0x000085d4                v7_outer_cache_inval_range
 .text.invalidate_dcache_range
                0x000085d8       0x64 arch/arm/cpu/armv7/built-in.o
                0x000085d8                invalidate_dcache_range
 .text.cpu_cache_initialization
                0x0000863c        0x4 arch/arm/cpu/armv7/built-in.o
                0x0000863c                cpu_cache_initialization
 .text.cleanup_before_linux_select
                0x00008640       0x4c arch/arm/cpu/armv7/built-in.o
                0x00008640                cleanup_before_linux_select
 .text.cleanup_before_linux
                0x0000868c        0x8 arch/arm/cpu/armv7/built-in.o
                0x0000868c                cleanup_before_linux
 *fill*         0x00008694        0xc 
 .text          0x000086a0      0x528 arch/arm/lib/built-in.o
                0x000086a0                _main
                0x00008740                memset
                0x0000881c                memcpy
 .text.relocate_vectors
                0x00008bc8       0x70 arch/arm/lib/built-in.o
                0x00008bc8                relocate_vectors
                0x00008bd4                relocate_code
 .text.arch_fixup_fdt
                0x00008c38       0x38 arch/arm/lib/built-in.o
                0x00008c38                arch_fixup_fdt
 .text.arch_lmb_reserve
                0x00008c70       0x24 arch/arm/lib/built-in.o
                0x00008c70                arch_lmb_reserve
 .text.board_quiesce_devices
                0x00008c94        0x4 arch/arm/lib/built-in.o
                0x00008c94                board_quiesce_devices
 .text.boot_jump_linux
                0x00008c98       0xc8 arch/arm/lib/built-in.o
 .text.setup_board_tags
                0x00008d60        0x4 arch/arm/lib/built-in.o
                0x00008d60                setup_board_tags
 .text.boot_prep_linux
                0x00008d64      0x1a4 arch/arm/lib/built-in.o
 .text.do_bootm_linux
                0x00008f08       0x58 arch/arm/lib/built-in.o
                0x00008f08                do_bootm_linux
 .text.boot_prep_vxworks
                0x00008f60       0x50 arch/arm/lib/built-in.o
                0x00008f60                boot_prep_vxworks
 .text.boot_jump_vxworks
                0x00008fb0        0xc arch/arm/lib/built-in.o
                0x00008fb0                boot_jump_vxworks
 .text.bootz_setup
                0x00008fbc       0xa0 arch/arm/lib/built-in.o
                0x00008fbc                bootz_setup
 .text.arch_reserve_stacks
                0x0000905c       0x1c arch/arm/lib/built-in.o
                0x0000905c                arch_reserve_stacks
 .text.interrupt_init
                0x00009078       0x1c arch/arm/lib/built-in.o
                0x00009078                interrupt_init
 .text.enable_interrupts
                0x00009094        0x4 arch/arm/lib/built-in.o
                0x00009094                enable_interrupts
 .text.disable_interrupts
                0x00009098        0x8 arch/arm/lib/built-in.o
                0x00009098                disable_interrupts
 .text.bad_mode
                0x000090a0       0x10 arch/arm/lib/built-in.o
                0x000090a0                bad_mode
 .text.show_regs
                0x000090b0      0x174 arch/arm/lib/built-in.o
                0x000090b0                show_regs
 .text.do_undefined_instruction
                0x00009224       0x24 arch/arm/lib/built-in.o
                0x00009224                do_undefined_instruction
 .text.do_software_interrupt
                0x00009248       0x24 arch/arm/lib/built-in.o
                0x00009248                do_software_interrupt
 .text.do_prefetch_abort
                0x0000926c       0x24 arch/arm/lib/built-in.o
                0x0000926c                do_prefetch_abort
 .text.do_data_abort
                0x00009290       0x24 arch/arm/lib/built-in.o
                0x00009290                do_data_abort
 .text.do_not_used
                0x000092b4       0x24 arch/arm/lib/built-in.o
                0x000092b4                do_not_used
 .text.do_fiq   0x000092d8       0x24 arch/arm/lib/built-in.o
                0x000092d8                do_fiq
 .text.do_irq   0x000092fc       0x24 arch/arm/lib/built-in.o
                0x000092fc                do_irq
 .text.reset_misc
                0x00009320        0x4 arch/arm/lib/built-in.o
                0x00009320                reset_misc
 .text.do_reset
                0x00009324       0x30 arch/arm/lib/built-in.o
                0x00009324                do_reset
 .text.flush_cache
                0x00009354        0x8 arch/arm/lib/built-in.o
                0x00009354                flush_cache
 .text.check_cache_range
                0x0000935c       0x38 arch/arm/lib/built-in.o
                0x0000935c                check_cache_range
 .text.cp_delay
                0x00009394       0x30 arch/arm/lib/built-in.o
 .text.cache_disable
                0x000093c4       0x90 arch/arm/lib/built-in.o
 .text.arm_init_domains
                0x00009454        0x4 arch/arm/lib/built-in.o
                0x00009454                arm_init_domains
 .text.set_section_dcache
                0x00009458       0x1c arch/arm/lib/built-in.o
                0x00009458                set_section_dcache
 .text.mmu_set_region_dcache_behaviour
                0x00009474       0x64 arch/arm/lib/built-in.o
                0x00009474                mmu_set_region_dcache_behaviour
 .text.dram_bank_mmu_setup
                0x000094d8       0x48 arch/arm/lib/built-in.o
                0x000094d8                dram_bank_mmu_setup
 .text.cache_enable
                0x00009520      0x178 arch/arm/lib/built-in.o
 .text.icache_enable
                0x00009698        0x8 arch/arm/lib/built-in.o
                0x00009698                icache_enable
 .text.icache_disable
                0x000096a0        0x8 arch/arm/lib/built-in.o
                0x000096a0                icache_disable
 .text.dcache_enable
                0x000096a8        0x8 arch/arm/lib/built-in.o
                0x000096a8                dcache_enable
 .text.dcache_disable
                0x000096b0        0x8 arch/arm/lib/built-in.o
                0x000096b0                dcache_disable
 .text.dcache_status
                0x000096b8       0x24 arch/arm/lib/built-in.o
                0x000096b8                dcache_status
 .text.arch_cpu_init
                0x000096dc       0x10 arch/arm/mach-bcm283x/built-in.o
                0x000096dc                arch_cpu_init
 .text.enable_caches
                0x000096ec        0x4 arch/arm/mach-bcm283x/built-in.o
                0x000096ec                enable_caches
 .text.efi_reset_system_init
                0x000096f0       0x14 arch/arm/mach-bcm283x/built-in.o
                0x000096f0                efi_reset_system_init
 .text.bcm2835_mbox_call_raw
                0x00009704      0x11c arch/arm/mach-bcm283x/built-in.o
                0x00009704                bcm2835_mbox_call_raw
 .text.bcm2835_mbox_call_prop
                0x00009820       0xe8 arch/arm/mach-bcm283x/built-in.o
                0x00009820                bcm2835_mbox_call_prop
 .text.phys_to_bus
                0x00009908        0x8 arch/arm/mach-bcm283x/built-in.o
                0x00009908                phys_to_bus
 .text.bus_to_phys
                0x00009910        0x8 arch/arm/mach-bcm283x/built-in.o
                0x00009910                bus_to_phys
 *fill*         0x00009918       0xe8 
 .text          0x00009a00        0xc board/raspberrypi/rpi/built-in.o
                0x00009a00                fw_dtb_pointer
                0x00009a04                save_boot_params
 .text.power_on_module
                0x00009a0c       0x88 board/raspberrypi/rpi/built-in.o
 .text.dram_init
                0x00009a94       0x80 board/raspberrypi/rpi/built-in.o
                0x00009a94                dram_init
 .text.board_get_usable_ram_top
                0x00009b14       0x28 board/raspberrypi/rpi/built-in.o
                0x00009b14                board_get_usable_ram_top
 .text.misc_init_r
                0x00009b3c      0x27c board/raspberrypi/rpi/built-in.o
                0x00009b3c                misc_init_r
 .text.board_init
                0x00009db8      0x1b8 board/raspberrypi/rpi/built-in.o
                0x00009db8                board_init
 .text.board_mmc_init
                0x00009f70       0x9c board/raspberrypi/rpi/built-in.o
                0x00009f70                board_mmc_init
 .text.ft_board_setup
                0x0000a00c       0x34 board/raspberrypi/rpi/built-in.o
                0x0000a00c                ft_board_setup
 .text.do_go_exec
                0x0000a040       0x10 cmd/built-in.o
                0x0000a040                do_go_exec
 .text.do_go    0x0000a050       0x6c cmd/built-in.o
 .text.do_bootm
                0x0000a0bc      0x108 cmd/built-in.o
                0x0000a0bc                do_bootm
 .text.do_bootd
                0x0000a1c4       0x20 cmd/built-in.o
                0x0000a1c4                do_bootd
 .text.image_info
                0x0000a1e4       0xcc cmd/built-in.o
 .text.do_iminfo
                0x0000a2b0       0x5c cmd/built-in.o
 .text.bootm_maybe_autostart
                0x0000a30c       0x78 cmd/built-in.o
                0x0000a30c                bootm_maybe_autostart
 .text.do_help  0x0000a384       0x44 cmd/built-in.o
 .text.do_version
                0x0000a3c8       0x38 cmd/built-in.o
 .text.source   0x0000a400       0xd4 cmd/built-in.o
                0x0000a400                source
 .text.do_source
                0x0000a4d4       0x44 cmd/built-in.o
 .text.print_num
                0x0000a518       0x14 cmd/built-in.o
 .text.do_bdinfo
                0x0000a52c      0x1b8 cmd/built-in.o
 .text.bootefi_open_dp
                0x0000a6e4       0x14 cmd/built-in.o
 .text.do_bootefi_exec
                0x0000a6f8      0x2a4 cmd/built-in.o
 .text.do_bootefi
                0x0000a99c       0x8c cmd/built-in.o
 .text.efi_set_bootdev
                0x0000aa28      0x154 cmd/built-in.o
                0x0000aa28                efi_set_bootdev
 .text.do_bootz
                0x0000ab7c       0xfc cmd/built-in.o
                0x0000ab7c                do_bootz
 .text.do_coninfo
                0x0000ac78       0xb0 cmd/built-in.o
 .text.do_echo  0x0000ad28       0xb4 cmd/built-in.o
 .text.load_elf_image_shdr
                0x0000addc       0x8c cmd/built-in.o
 .text.valid_elf_image
                0x0000ae68       0x4c cmd/built-in.o
                0x0000ae68                valid_elf_image
 .text.do_bootelf
                0x0000aeb4      0x1ac cmd/built-in.o
                0x0000aeb4                do_bootelf
 .text.do_bootvx
                0x0000b060      0x330 cmd/built-in.o
                0x0000b060                do_bootvx
 .text.do_exit  0x0000b390       0x48 cmd/built-in.o
 .text.do_ext4_size
                0x0000b3d8       0x18 cmd/built-in.o
                0x0000b3d8                do_ext4_size
 .text.do_ext4_load
                0x0000b3f0       0x18 cmd/built-in.o
                0x0000b3f0                do_ext4_load
 .text.do_ext4_ls
                0x0000b408       0x18 cmd/built-in.o
                0x0000b408                do_ext4_ls
 .text.do_ext2load
                0x0000b420       0x18 cmd/built-in.o
                0x0000b420                do_ext2load
 .text.do_ext2ls
                0x0000b438       0x18 cmd/built-in.o
 .text.do_fat_size
                0x0000b450       0x18 cmd/built-in.o
                0x0000b450                do_fat_size
 .text.do_fat_fsload
                0x0000b468       0x18 cmd/built-in.o
                0x0000b468                do_fat_fsload
 .text.do_fat_ls
                0x0000b480       0x18 cmd/built-in.o
 .text.do_fat_fsinfo
                0x0000b498       0x8c cmd/built-in.o
 .text.do_fat_fswrite
                0x0000b524      0x124 cmd/built-in.o
 .text.fdt_valid
                0x0000b648       0xbc cmd/built-in.o
 .text.is_printable_string
                0x0000b704       0x88 cmd/built-in.o
 .text.print_data
                0x0000b78c      0x170 cmd/built-in.o
 .text.set_working_fdt_addr
                0x0000b8fc       0x1c cmd/built-in.o
                0x0000b8fc                set_working_fdt_addr
 .text.do_fdt   0x0000b918      0xef4 cmd/built-in.o
 .text.do_size_wrapper
                0x0000c80c       0x18 cmd/built-in.o
 .text.do_load_wrapper
                0x0000c824       0x64 cmd/built-in.o
 .text.do_save_wrapper
                0x0000c888       0x18 cmd/built-in.o
 .text.do_ls_wrapper
                0x0000c8a0       0x18 cmd/built-in.o
 .text.do_fstype_wrapper
                0x0000c8b8        0x4 cmd/built-in.o
 .text.gpio_get_description
                0x0000c8bc       0xcc cmd/built-in.o
 .text.do_gpio  0x0000c988      0x360 cmd/built-in.o
 .text.evalexp  0x0000cce8       0x78 cmd/built-in.o
 .text.evalstr  0x0000cd60       0x64 cmd/built-in.o
 .text.binary_test
                0x0000cdc4      0x1c0 cmd/built-in.o
 .text.do_itest
                0x0000cf84       0x88 cmd/built-in.o
 .text.bin_data_init
                0x0000d00c       0x2c cmd/built-in.o
 .text.k_data_save
                0x0000d038       0x4c cmd/built-in.o
 .text.k_data_restore
                0x0000d084       0x4c cmd/built-in.o
 .text.getcxmodem
                0x0000d0d0       0x20 cmd/built-in.o
 .text.load_serial_ymodem
                0x0000d0f0       0xcc cmd/built-in.o
 .text.bin_data_char
                0x0000d1bc       0x2c cmd/built-in.o
 .text.chk1.constprop.1
                0x0000d1e8       0x30 cmd/built-in.o
 .text.s1_sendpacket.constprop.2
                0x0000d218       0x50 cmd/built-in.o
 .text.load_serial
                0x0000d268      0x1e4 cmd/built-in.o
 .text.do_load_serial
                0x0000d44c       0xdc cmd/built-in.o
 .text.do_load_serial_bin
                0x0000d528      0x79c cmd/built-in.o
 .text.do_mem_mw
                0x0000dcc4       0xc0 cmd/built-in.o
 .text.do_mem_loop
                0x0000dd84       0xec cmd/built-in.o
 .text.do_mem_md
                0x0000de70       0xe8 cmd/built-in.o
 .text.do_mem_cmp
                0x0000df58      0x154 cmd/built-in.o
 .text.do_mem_base
                0x0000e0ac       0x40 cmd/built-in.o
 .text.do_mem_cp
                0x0000e0ec       0xd4 cmd/built-in.o
 .text.do_mem_crc
                0x0000e1c0       0x48 cmd/built-in.o
 .text.mod_mem.isra.0
                0x0000e208      0x170 cmd/built-in.o
 .text.do_mem_mm
                0x0000e378        0x8 cmd/built-in.o
 .text.do_mem_nm
                0x0000e380        0x8 cmd/built-in.o
 .text.extract_range
                0x0000e388       0x54 cmd/built-in.o
 .text.do_mii   0x0000e3dc      0x90c cmd/built-in.o
 .text.do_sleep
                0x0000ece8       0xd0 cmd/built-in.o
 .text.do_mmcops
                0x0000edb8       0xb8 cmd/built-in.o
 .text.init_mmc_device
                0x0000ee70       0x50 cmd/built-in.o
 .text.do_mmc_rescan
                0x0000eec0       0x24 cmd/built-in.o
 .text.do_mmc_hwpartition
                0x0000eee4      0x510 cmd/built-in.o
 .text.do_mmc_list
                0x0000f3f4       0x14 cmd/built-in.o
 .text.do_mmc_dev
                0x0000f408      0x134 cmd/built-in.o
 .text.do_mmc_part
                0x0000f53c       0x60 cmd/built-in.o
 .text.do_mmc_erase
                0x0000f59c       0xec cmd/built-in.o
 .text.do_mmc_write
                0x0000f688      0x104 cmd/built-in.o
 .text.do_mmc_read
                0x0000f78c       0xf0 cmd/built-in.o
 .text.do_mmcinfo
                0x0000f87c      0x370 cmd/built-in.o
 .text.do_mmc_setdsr
                0x0000fbec       0xa8 cmd/built-in.o
 .text.netboot_common
                0x0000fc94      0x288 cmd/built-in.o
 .text.do_bootp
                0x0000ff1c        0xc cmd/built-in.o
 .text.do_dhcp  0x0000ff28        0xc cmd/built-in.o
 .text.do_nfs   0x0000ff34        0xc cmd/built-in.o
 .text.do_tftpb
                0x0000ff40       0x40 cmd/built-in.o
                0x0000ff40                do_tftpb
 .text.do_ping  0x0000ff80       0x78 cmd/built-in.o
 .text.do_part_list
                0x0000fff8      0x17c cmd/built-in.o
 .text.do_part_start
                0x00010174       0xc0 cmd/built-in.o
 .text.do_part_size
                0x00010234       0xc0 cmd/built-in.o
 .text.do_part  0x000102f4      0x118 cmd/built-in.o
 .text.eol_or_eof
                0x0001040c       0x24 cmd/built-in.o
 .text.do_pxe   0x00010430       0x7c cmd/built-in.o
 .text.label_print
                0x000104ac       0x1c cmd/built-in.o
 .text.do_get_tftp
                0x000104c8       0x44 cmd/built-in.o
 .text.from_env
                0x0001050c       0x2c cmd/built-in.o
 .text.get_string
                0x00010538       0xd0 cmd/built-in.o
 .text.label_destroy
                0x00010608       0x74 cmd/built-in.o
 .text.destroy_pxe_menu
                0x0001067c       0x5c cmd/built-in.o
 .text.get_token
                0x000106d8      0x11c cmd/built-in.o
 .text.parse_sliteral
                0x000107f4       0x54 cmd/built-in.o
 .text.parse_integer
                0x00010848       0x70 cmd/built-in.o
 .text.do_get_any
                0x000108b8       0x44 cmd/built-in.o
 .text.do_get_fat
                0x000108fc       0x3c cmd/built-in.o
 .text.do_get_ext2
                0x00010938       0x3c cmd/built-in.o
 .text.format_mac_pxe.constprop.6
                0x00010974       0x74 cmd/built-in.o
 .text.get_relfile
                0x000109e8      0x138 cmd/built-in.o
 .text.get_pxe_file
                0x00010b20       0x58 cmd/built-in.o
 .text.handle_include
                0x00010b78       0xa4 cmd/built-in.o
 .text.parse_pxefile_top
                0x00010c1c      0x458 cmd/built-in.o
 .text.parse_pxefile
                0x00011074       0x70 cmd/built-in.o
 .text.get_pxelinux_path
                0x000110e4       0x7c cmd/built-in.o
 .text.do_pxe_get
                0x00011160      0x160 cmd/built-in.o
 .text.get_relfile_envaddr
                0x000112c0       0x50 cmd/built-in.o
 .text.label_boot
                0x00011310      0x5ac cmd/built-in.o
 .text.handle_pxe_menu
                0x000118bc      0x15c cmd/built-in.o
 .text.do_pxe_boot
                0x00011a18       0xe0 cmd/built-in.o
 .text.do_sysboot
                0x00011af8      0x1e0 cmd/built-in.o
 .text.substitute
                0x00011cd8       0xf0 cmd/built-in.o
 .text.get_arg  0x00011dc8       0x58 cmd/built-in.o
 .text.regex_sub
                0x00011e20      0x454 cmd/built-in.o
 .text.do_setexpr
                0x00012274      0x180 cmd/built-in.o
 .text.do_false
                0x000123f4        0x8 cmd/built-in.o
 .text.do_true  0x000123fc        0x8 cmd/built-in.o
 .text.do_test  0x00012404      0x32c cmd/built-in.o
 .text.usb_get_class_desc
                0x00012730       0xbc cmd/built-in.o
 .text.usb_find_device
                0x000127ec       0x3c cmd/built-in.o
 .text.usb_show_tree_graph
                0x00012828      0x238 cmd/built-in.o
 .text.usb_display_class_sub
                0x00012a60      0x170 cmd/built-in.o
 .text.usb_display_string
                0x00012bd0       0x44 cmd/built-in.o
 .text.usb_display_config
                0x00012c14      0x228 cmd/built-in.o
 .text.do_usbboot
                0x00012e3c        0xc cmd/built-in.o
 .text.usb_display_desc.part.0
                0x00012e48      0x12c cmd/built-in.o
 .text.do_usb_start
                0x00012f74       0x3c cmd/built-in.o
 .text.usb_show_tree
                0x00012fb0       0x54 cmd/built-in.o
                0x00012fb0                usb_show_tree
 .text.do_usb   0x00013004      0x790 cmd/built-in.o
 .text.common_diskboot
                0x00013794      0x234 cmd/built-in.o
                0x00013794                common_diskboot
 .text.do_imgextract
                0x000139c8      0x280 cmd/built-in.o
 .text.do_env_delete
                0x00013c48       0x9c cmd/built-in.o
 .text.do_env_exists
                0x00013ce4       0x64 cmd/built-in.o
 .text.do_env_save
                0x00013d48       0x2c cmd/built-in.o
 .text.do_env   0x00013d74       0x68 cmd/built-in.o
 .text.env_print
                0x00013ddc       0xc4 cmd/built-in.o
 .text.do_env_print
                0x00013ea0       0xc0 cmd/built-in.o
 .text.do_env_import
                0x00013f60      0x288 cmd/built-in.o
 .text.do_env_default
                0x000141e8       0x9c cmd/built-in.o
 .text._do_env_set.isra.0
                0x00014284      0x1ac cmd/built-in.o
 .text.do_env_set
                0x00014430       0x20 cmd/built-in.o
 .text.get_env_id
                0x00014450       0x10 cmd/built-in.o
                0x00014450                get_env_id
 .text.setenv   0x00014460       0x60 cmd/built-in.o
                0x00014460                setenv
 .text.setenv_ulong
                0x000144c0       0x20 cmd/built-in.o
                0x000144c0                setenv_ulong
 .text.setenv_hex
                0x000144e0       0x34 cmd/built-in.o
                0x000144e0                setenv_hex
 .text.do_env_export
                0x00014514      0x24c cmd/built-in.o
 .text.envmatch
                0x00014760       0x64 cmd/built-in.o
                0x00014760                envmatch
 .text.getenv_f
                0x000147c4       0xc4 cmd/built-in.o
                0x000147c4                getenv_f
 .text.getenv   0x00014888       0x78 cmd/built-in.o
                0x00014888                getenv
 .text.getenv_hex
                0x00014900       0x3c cmd/built-in.o
                0x00014900                getenv_hex
 .text.getenv_ulong
                0x0001493c       0x30 cmd/built-in.o
                0x0001493c                getenv_ulong
 .text.do_env_edit.part.2
                0x0001496c       0xac cmd/built-in.o
 .text.do_env_edit
                0x00014a18       0x2c cmd/built-in.o
 .text.board_init_f_alloc_reserve
                0x00014a44       0x10 common/built-in.o
                0x00014a44                board_init_f_alloc_reserve
 .text.board_init_f_init_reserve
                0x00014a54       0x20 common/built-in.o
                0x00014a54                board_init_f_init_reserve
 .text.show_boot_progress
                0x00014a74        0x8 common/built-in.o
                0x00014a74                show_boot_progress
 .text.main_loop
                0x00014a7c       0x6c common/built-in.o
                0x00014a7c                main_loop
 .text.dummy    0x00014ae8        0x4 common/built-in.o
 .text.get_version
                0x00014aec        0x8 common/built-in.o
                0x00014aec                get_version
 .text.jumptable_init
                0x00014af4      0x1e0 common/built-in.o
                0x00014af4                jumptable_init
 .text.hash_command
                0x00014cd4       0xb0 common/built-in.o
                0x00014cd4                hash_command
 .text.b_reset  0x00014d84       0x1c common/built-in.o
 .text.static_get
                0x00014da0       0x1c common/built-in.o
 .text.file_peek
                0x00014dbc        0xc common/built-in.o
 .text.mapset   0x00014dc8       0x24 common/built-in.o
 .text.syntax_err
                0x00014dec        0xc common/built-in.o
 .text.free_pipe_list
                0x00014df8       0xf0 common/built-in.o
 .text.xmalloc  0x00014ee8       0x20 common/built-in.o
 .text.new_pipe
                0x00014f08       0x28 common/built-in.o
 .text.xrealloc
                0x00014f30       0x20 common/built-in.o
 .text.done_command
                0x00014f50       0x88 common/built-in.o
 .text.done_pipe
                0x00014fd8       0x48 common/built-in.o
 .text.done_word
                0x00015020      0x2d4 common/built-in.o
 .text.do_showvar
                0x000152f4      0x100 common/built-in.o
 .text.is_assignment
                0x000153f4       0x5c common/built-in.o
 .text.file_get
                0x00015450      0x1ec common/built-in.o
 .text.b_addchr
                0x0001563c       0x80 common/built-in.o
 .text.b_addqchr
                0x000156bc       0x50 common/built-in.o
 .text.static_peek
                0x0001570c        0xc common/built-in.o
 .text.get_local_var
                0x00015718       0x94 common/built-in.o
                0x00015718                get_local_var
 .text.set_local_var
                0x000157ac      0x1a8 common/built-in.o
                0x000157ac                set_local_var
 .text.insert_var_value_sub
                0x00015954      0x2bc common/built-in.o
 .text.parse_string_outer
                0x00015c10       0xe8 common/built-in.o
                0x00015c10                parse_string_outer
 .text.run_list_real
                0x00015cf8      0x7a8 common/built-in.o
 .text.parse_stream_outer
                0x000164a0      0x6b0 common/built-in.o
 .text.parse_file_outer
                0x00016b50       0x44 common/built-in.o
                0x00016b50                parse_file_outer
 .text.u_boot_hush_start
                0x00016b94       0x54 common/built-in.o
                0x00016b94                u_boot_hush_start
 .text.bootdelay_process
                0x00016be8       0xbc common/built-in.o
                0x00016be8                bootdelay_process
 .text.autoboot_command
                0x00016ca4       0xf4 common/built-in.o
                0x00016ca4                autoboot_command
 .text.print_cpuinfo
                0x00016d98        0x8 common/built-in.o
 .text.setup_mon_len
                0x00016da0       0x20 common/built-in.o
 .text.reserve_round_4k
                0x00016dc0       0x18 common/built-in.o
 .text.reserve_mmu
                0x00016dd8       0x38 common/built-in.o
 .text.reserve_lcd
                0x00016e10        0xc common/built-in.o
 .text.reserve_uboot
                0x00016e1c       0x30 common/built-in.o
 .text.reserve_malloc
                0x00016e4c       0x18 common/built-in.o
 .text.reserve_global_data
                0x00016e64       0x1c common/built-in.o
 .text.initf_console_record
                0x00016e80        0x8 common/built-in.o
 .text.arch_cpu_init_dm
                0x00016e88        0x8 common/built-in.o
                0x00016e88                arch_cpu_init_dm
 .text.announce_dram_init
                0x00016e90       0x18 common/built-in.o
 .text.init_baud_rate
                0x00016ea8       0x2c common/built-in.o
 .text.mark_bootstage
                0x00016ed4       0x14 common/built-in.o
 .text.initf_dm
                0x00016ee8        0x8 common/built-in.o
 .text.setup_reloc
                0x00016ef0       0x3c common/built-in.o
 .text.reserve_board
                0x00016f2c       0x40 common/built-in.o
 .text.reserve_arch
                0x00016f6c        0x8 common/built-in.o
                0x00016f6c                reserve_arch
 .text.display_text_info
                0x00016f74        0x8 common/built-in.o
 .text.mach_cpu_init
                0x00016f7c        0x8 common/built-in.o
                0x00016f7c                mach_cpu_init
 .text.reserve_trace
                0x00016f84        0x8 common/built-in.o
 .text.setup_machine
                0x00016f8c        0x8 common/built-in.o
 .text.reserve_fdt
                0x00016f94        0x8 common/built-in.o
 .text.display_new_sp
                0x00016f9c        0x8 common/built-in.o
 .text.reloc_fdt
                0x00016fa4        0x8 common/built-in.o
 .text.coloured_LED_init
                0x00016fac        0x4 common/built-in.o
                0x00016fac                coloured_LED_init
 .text.red_led_on
                0x00016fb0        0x4 common/built-in.o
                0x00016fb0                red_led_on
 .text.board_add_ram_info
                0x00016fb4        0x4 common/built-in.o
                0x00016fb4                board_add_ram_info
 .text.show_dram_config
                0x00016fb8       0x38 common/built-in.o
 .text.dram_init_banksize
                0x00016ff0       0x20 common/built-in.o
                0x00016ff0                dram_init_banksize
 .text.setup_dram_config
                0x00017010       0x10 common/built-in.o
 .text.board_reserve_ram_top
                0x00017020        0x4 common/built-in.o
                0x00017020                board_reserve_ram_top
 .text.setup_dest_addr
                0x00017024       0x4c common/built-in.o
 .text.reserve_stacks
                0x00017070       0x1c common/built-in.o
 .text.board_init_f
                0x0001708c       0x28 common/built-in.o
                0x0001708c                board_init_f
 .text.bootstage_relocate
                0x000170b4        0x8 common/built-in.o
 .text.initr_reloc
                0x000170bc       0x18 common/built-in.o
 .text.power_init_board
                0x000170d4        0x8 common/built-in.o
                0x000170d4                power_init_board
 .text.initr_announce
                0x000170dc        0x8 common/built-in.o
 .text.run_main_loop
                0x000170e4        0xc common/built-in.o
 .text.initr_net
                0x000170f0       0x1c common/built-in.o
 .text.initr_ethaddr
                0x0001710c       0x20 common/built-in.o
 .text.initr_enable_interrupts
                0x0001712c       0x10 common/built-in.o
 .text.initr_jumptable
                0x0001713c       0x10 common/built-in.o
 .text.initr_env
                0x0001714c       0x64 common/built-in.o
 .text.initr_mmc
                0x000171b0       0x20 common/built-in.o
 .text.initr_serial
                0x000171d0       0x10 common/built-in.o
 .text.initr_bootstage
                0x000171e0       0x14 common/built-in.o
 .text.initr_dm
                0x000171f4       0x14 common/built-in.o
 .text.initr_malloc
                0x00017208       0x24 common/built-in.o
 .text.initr_reloc_global_data
                0x0001722c       0x48 common/built-in.o
 .text.initr_caches
                0x00017274       0x10 common/built-in.o
 .text.initr_console_record
                0x00017284        0x8 common/built-in.o
 .text.initr_trace
                0x0001728c        0x8 common/built-in.o
 .text.initr_barrier
                0x00017294        0x8 common/built-in.o
 .text.cpu_secondary_init_r
                0x0001729c        0x4 common/built-in.o
                0x0001729c                cpu_secondary_init_r
 .text.initr_secondary_cpu
                0x000172a0       0x10 common/built-in.o
 .text.board_init_r
                0x000172b0       0x14 common/built-in.o
                0x000172b0                board_init_r
 .text.bootm_find_images
                0x000172c4       0xa8 common/built-in.o
                0x000172c4                bootm_find_images
 .text.bootm_decomp_image
                0x0001736c      0x140 common/built-in.o
                0x0001736c                bootm_decomp_image
 .text.bootm_disable_interrupts
                0x000174ac       0x18 common/built-in.o
                0x000174ac                bootm_disable_interrupts
 .text.do_bootm_states
                0x000174c4      0x720 common/built-in.o
                0x000174c4                do_bootm_states
 .text.copy_args
                0x00017be4       0x50 common/built-in.o
 .text.do_bootm_rtems
                0x00017c34       0x40 common/built-in.o
 .text.do_bootm_plan9
                0x00017c74       0xa4 common/built-in.o
 .text.do_bootm_standalone
                0x00017d18       0x64 common/built-in.o
 .text.do_bootm_qnxelf
                0x00017d7c       0x5c common/built-in.o
 .text.do_bootm_netbsd
                0x00017dd8       0xf8 common/built-in.o
 .text.do_bootvx_fdt
                0x00017ed0      0x118 common/built-in.o
                0x00017ed0                do_bootvx_fdt
 .text.do_bootm_vxworks
                0x00017fe8       0x24 common/built-in.o
 .text.arch_preboot_os
                0x0001800c        0x4 common/built-in.o
                0x0001800c                arch_preboot_os
 .text.boot_selected_os
                0x00018010       0x58 common/built-in.o
                0x00018010                boot_selected_os
 .text.bootm_os_get_boot_func
                0x00018068       0x10 common/built-in.o
                0x00018068                bootm_os_get_boot_func
 .text.regex_callback
                0x00018078      0x12c common/built-in.o
 .text.env_attr_walk
                0x000181a4      0x120 common/built-in.o
                0x000181a4                env_attr_walk
 .text.env_attr_lookup
                0x000182c4       0x7c common/built-in.o
                0x000182c4                env_attr_lookup
 .text.clear_callback
                0x00018340       0x10 common/built-in.o
 .text.find_env_callback
                0x00018350       0x60 common/built-in.o
 .text.on_callbacks
                0x000183b0       0x50 common/built-in.o
 .text.set_callback
                0x00018400       0x98 common/built-in.o
 .text.env_callback_init
                0x00018498       0xc4 common/built-in.o
                0x00018498                env_callback_init
 .text.skip_num
                0x0001855c       0x94 common/built-in.o
 .text.clear_flags
                0x000185f0       0x10 common/built-in.o
 .text.on_flags
                0x00018600       0x50 common/built-in.o
 .text.env_flags_parse_vartype
                0x00018650       0x50 common/built-in.o
                0x00018650                env_flags_parse_vartype
 .text.env_flags_parse_varaccess
                0x000186a0       0x50 common/built-in.o
                0x000186a0                env_flags_parse_varaccess
 .text.set_flags
                0x000186f0       0xb0 common/built-in.o
 .text.eth_validate_ethaddr_str
                0x000187a0       0x94 common/built-in.o
                0x000187a0                eth_validate_ethaddr_str
 .text.env_flags_init
                0x00018834       0xd8 common/built-in.o
                0x00018834                env_flags_init
 .text.env_flags_validate
                0x0001890c      0x288 common/built-in.o
                0x0001890c                env_flags_validate
 .text.env_init
                0x00018b94       0x1c common/built-in.o
                0x00018b94                env_init
 .text.saveenv  0x00018bb0       0xf8 common/built-in.o
                0x00018bb0                saveenv
 .text.env_relocate_spec
                0x00018ca8       0xd8 common/built-in.o
                0x00018ca8                env_relocate_spec
 .text.of_bus_default_map
                0x00018d80       0xdc common/built-in.o
 .text.of_bus_default_count_cells
                0x00018e5c       0x58 common/built-in.o
                0x00018e5c                of_bus_default_count_cells
 .text.of_bus_default_translate
                0x00018eb4       0xa8 common/built-in.o
 .text.fdt_find_and_setprop
                0x00018f5c       0x70 common/built-in.o
                0x00018f5c                fdt_find_and_setprop
 .text.fdt_find_or_add_subnode
                0x00018fcc       0x60 common/built-in.o
                0x00018fcc                fdt_find_or_add_subnode
 .text.fdt_root
                0x0001902c       0x90 common/built-in.o
                0x0001902c                fdt_root
 .text.fdt_initrd
                0x000190bc      0x1c8 common/built-in.o
                0x000190bc                fdt_initrd
 .text.fdt_chosen
                0x00019284       0xa8 common/built-in.o
                0x00019284                fdt_chosen
 .text.do_fixup_by_path
                0x0001932c       0x54 common/built-in.o
                0x0001932c                do_fixup_by_path
 .text.fdt_fixup_memory_banks
                0x00019380      0x1b0 common/built-in.o
                0x00019380                fdt_fixup_memory_banks
 .text.fdt_fixup_memory
                0x00019530       0x20 common/built-in.o
                0x00019530                fdt_fixup_memory
 .text.fdt_fixup_ethernet
                0x00019550      0x1a8 common/built-in.o
                0x00019550                fdt_fixup_ethernet
 .text.fdt_shrink_to_minimum
                0x000196f8       0xd0 common/built-in.o
                0x000196f8                fdt_shrink_to_minimum
 .text.fdt_translate_address
                0x000197c8      0x298 common/built-in.o
                0x000197c8                fdt_translate_address
 .text.fdt_setup_simplefb_node
                0x00019a60      0x208 common/built-in.o
                0x00019a60                fdt_setup_simplefb_node
 .text.miiphy_get_dev_by_name
                0x00019c68       0x58 common/built-in.o
                0x00019c68                miiphy_get_dev_by_name
 .text.miiphy_init
                0x00019cc0       0x24 common/built-in.o
                0x00019cc0                miiphy_init
 .text.miiphy_set_current_dev
                0x00019ce4       0x40 common/built-in.o
                0x00019ce4                miiphy_set_current_dev
 .text.miiphy_get_active_dev
                0x00019d24       0x54 common/built-in.o
 .text.miiphy_get_current_dev
                0x00019d78       0x18 common/built-in.o
                0x00019d78                miiphy_get_current_dev
 .text.miiphy_read
                0x00019d90       0x4c common/built-in.o
                0x00019d90                miiphy_read
 .text.miiphy_write
                0x00019ddc       0x40 common/built-in.o
                0x00019ddc                miiphy_write
 .text.miiphy_listdev
                0x00019e1c       0x78 common/built-in.o
                0x00019e1c                miiphy_listdev
 .text.miiphy_info
                0x00019e94       0x88 common/built-in.o
                0x00019e94                miiphy_info
 .text.miiphy_speed
                0x00019f1c       0xc4 common/built-in.o
                0x00019f1c                miiphy_speed
 .text.miiphy_duplex
                0x00019fe0       0xbc common/built-in.o
                0x00019fe0                miiphy_duplex
 .text.miiphy_is_1000base_x
                0x0001a09c        0x8 common/built-in.o
                0x0001a09c                miiphy_is_1000base_x
 .text.usb_set_maxpacket_ep
                0x0001a0a4       0x78 common/built-in.o
 .text.usb_stop
                0x0001a11c       0x64 common/built-in.o
                0x0001a11c                usb_stop
 .text.usb_disable_asynch
                0x0001a180       0x20 common/built-in.o
                0x0001a180                usb_disable_asynch
 .text.usb_submit_int_msg
                0x0001a1a0        0x4 common/built-in.o
                0x0001a1a0                usb_submit_int_msg
 .text.usb_control_msg
                0x0001a1a4       0xbc common/built-in.o
                0x0001a1a4                usb_control_msg
 .text.usb_get_descriptor
                0x0001a260       0x58 common/built-in.o
 .text.get_descriptor_len
                0x0001a2b8       0x90 common/built-in.o
 .text.usb_get_string
                0x0001a348       0x74 common/built-in.o
 .text.usb_string_sub
                0x0001a3bc      0x104 common/built-in.o
 .text.usb_bulk_msg
                0x0001a4c0       0x70 common/built-in.o
                0x0001a4c0                usb_bulk_msg
 .text.usb_maxpacket
                0x0001a530       0x1c common/built-in.o
                0x0001a530                usb_maxpacket
 .text.usb_clear_halt
                0x0001a54c       0x90 common/built-in.o
                0x0001a54c                usb_clear_halt
 .text.usb_get_configuration_len
                0x0001a5dc       0x74 common/built-in.o
                0x0001a5dc                usb_get_configuration_len
 .text.usb_get_configuration_no
                0x0001a650       0x34 common/built-in.o
                0x0001a650                usb_get_configuration_no
 .text.usb_set_interface
                0x0001a684       0xb4 common/built-in.o
                0x0001a684                usb_set_interface
 .text.usb_set_protocol
                0x0001a738       0x4c common/built-in.o
                0x0001a738                usb_set_protocol
 .text.usb_set_idle
                0x0001a784       0x54 common/built-in.o
                0x0001a784                usb_set_idle
 .text.usb_string
                0x0001a7d8      0x100 common/built-in.o
                0x0001a7d8                usb_string
 .text.usb_get_dev_index
                0x0001a8d8       0x24 common/built-in.o
                0x0001a8d8                usb_get_dev_index
 .text.usb_alloc_new_device
                0x0001a8fc       0x9c common/built-in.o
                0x0001a8fc                usb_alloc_new_device
 .text.usb_free_device
                0x0001a998       0x48 common/built-in.o
                0x0001a998                usb_free_device
 .text.usb_alloc_device
                0x0001a9e0        0x8 common/built-in.o
                0x0001a9e0                usb_alloc_device
 .text.usb_select_config
                0x0001a9e8      0x464 common/built-in.o
                0x0001a9e8                usb_select_config
 .text.usb_setup_device
                0x0001ae4c      0x164 common/built-in.o
                0x0001ae4c                usb_setup_device
 .text.usb_new_device
                0x0001afb0       0x30 common/built-in.o
                0x0001afb0                usb_new_device
 .text.usb_init
                0x0001afe0      0x144 common/built-in.o
                0x0001afe0                usb_init
 .text.board_usb_init
                0x0001b124        0x8 common/built-in.o
                0x0001b124                board_usb_init
 .text.usb_device_has_child_on_port
                0x0001b12c       0x14 common/built-in.o
                0x0001b12c                usb_device_has_child_on_port
 .text.usb_find_usb2_hub_address_port
                0x0001b140       0x5c common/built-in.o
                0x0001b140                usb_find_usb2_hub_address_port
 .text.usb_set_port_feature
                0x0001b19c       0x4c common/built-in.o
 .text.usb_clear_port_feature
                0x0001b1e8       0x4c common/built-in.o
 .text.usb_get_hub_descriptor
                0x0001b234       0x4c common/built-in.o
 .text.usb_hub_reset_devices
                0x0001b280        0x4 common/built-in.o
                0x0001b280                usb_hub_reset_devices
 .text.usb_get_port_status
                0x0001b284       0x4c common/built-in.o
                0x0001b284                usb_get_port_status
 .text.usb_hub_reset
                0x0001b2d0       0x20 common/built-in.o
                0x0001b2d0                usb_hub_reset
 .text.legacy_hub_port_reset
                0x0001b2f0       0x9c common/built-in.o
                0x0001b2f0                legacy_hub_port_reset
 .text.usb_hub_port_connect_change
                0x0001b38c      0x150 common/built-in.o
                0x0001b38c                usb_hub_port_connect_change
 .text.usb_hub_configure
                0x0001b4dc      0x4c0 common/built-in.o
 .text.usb_hub_probe
                0x0001b99c       0x54 common/built-in.o
                0x0001b99c                usb_hub_probe
 .text.usb_stor_irq
                0x0001b9f0       0x1c common/built-in.o
 .text.usb_stor_BBB_reset
                0x0001ba0c       0xd8 common/built-in.o
 .text.usb_stor_CB_reset
                0x0001bae4       0xd8 common/built-in.o
 .text.usb_stor_BBB_clear_endpt_stall.isra.2
                0x0001bbbc       0x40 common/built-in.o
 .text.usb_stor_BBB_transport
                0x0001bbfc      0x264 common/built-in.o
 .text.usb_stor_CB_comdat
                0x0001be60      0x218 common/built-in.o
 .text.usb_stor_CBI_get_status.isra.4
                0x0001c078       0xc8 common/built-in.o
 .text.usb_stor_CB_transport
                0x0001c140      0x218 common/built-in.o
 .text.usb_request_sense.constprop.10
                0x0001c358       0x70 common/built-in.o
 .text.usb_stor_read
                0x0001c3c8      0x168 common/built-in.o
 .text.usb_stor_write
                0x0001c530      0x168 common/built-in.o
 .text.usb_stor_info
                0x0001c698       0x78 common/built-in.o
                0x0001c698                usb_stor_info
 .text.usb_storage_probe
                0x0001c710      0x210 common/built-in.o
                0x0001c710                usb_storage_probe
 .text.usb_stor_get_info
                0x0001c920      0x318 common/built-in.o
                0x0001c920                usb_stor_get_info
 .text.usb_stor_scan
                0x0001cc38      0x1ec common/built-in.o
                0x0001cc38                usb_stor_scan
 .text.iomux_doenv
                0x0001ce24      0x1ac common/built-in.o
                0x0001ce24                iomux_doenv
 .text.lcd_stub_puts
                0x0001cfd0        0x8 common/built-in.o
 .text.lcd_stub_putc
                0x0001cfd8        0x8 common/built-in.o
 .text.lcd_set_flush_dcache
                0x0001cfe0       0x18 common/built-in.o
                0x0001cfe0                lcd_set_flush_dcache
 .text.lcd_sync
                0x0001cff8       0x40 common/built-in.o
                0x0001cff8                lcd_sync
 .text.lcd_clear
                0x0001d038       0xd4 common/built-in.o
                0x0001d038                lcd_clear
 .text.drv_lcd_init
                0x0001d10c       0xc4 common/built-in.o
                0x0001d10c                drv_lcd_init
 .text.do_lcd_clear
                0x0001d1d0       0x10 common/built-in.o
 .text.lcd_getfgcolor
                0x0001d1e0       0x10 common/built-in.o
                0x0001d1e0                lcd_getfgcolor
 .text.lcd_getbgcolor
                0x0001d1f0       0x10 common/built-in.o
                0x0001d1f0                lcd_getbgcolor
 .text.lcd_get_pixel_width
                0x0001d200       0x10 common/built-in.o
                0x0001d200                lcd_get_pixel_width
 .text.lcd_get_pixel_height
                0x0001d210       0x10 common/built-in.o
                0x0001d210                lcd_get_pixel_height
 .text.console_setrow0
                0x0001d220       0x30 common/built-in.o
 .text.console_moverow0
                0x0001d250       0x3c common/built-in.o
 .text.lcd_putc_xy0
                0x0001d28c       0x84 common/built-in.o
 .text.lcd_set_col
                0x0001d310       0x10 common/built-in.o
                0x0001d310                lcd_set_col
 .text.lcd_set_row
                0x0001d320       0x10 common/built-in.o
                0x0001d320                lcd_set_row
 .text.lcd_position_cursor
                0x0001d330       0x44 common/built-in.o
                0x0001d330                lcd_position_cursor
 .text.do_lcd_setcursor
                0x0001d374       0x50 common/built-in.o
 .text.lcd_init_console_rot
                0x0001d3c4        0x4 common/built-in.o
                0x0001d3c4                lcd_init_console_rot
 .text.lcd_init_console
                0x0001d3c8       0x7c common/built-in.o
                0x0001d3c8                lcd_init_console
 .text.lcd_putc
                0x0001d444      0x2e8 common/built-in.o
                0x0001d444                lcd_putc
 .text.lcd_puts
                0x0001d72c       0x3c common/built-in.o
                0x0001d72c                lcd_puts
 .text.do_lcd_puts
                0x0001d768       0x24 common/built-in.o
 .text.lcd_dt_simplefb_configure_node
                0x0001d78c       0x4c common/built-in.o
 .text.lcd_dt_simplefb_add_node
                0x0001d7d8       0x98 common/built-in.o
                0x0001d7d8                lcd_dt_simplefb_add_node
 .text.menu_display_statusline
                0x0001d870        0x4 common/built-in.o
                0x0001d870                menu_display_statusline
 .text.menu_default_set
                0x0001d874       0x80 common/built-in.o
                0x0001d874                menu_default_set
 .text.menu_get_choice
                0x0001d8f4      0x1f8 common/built-in.o
                0x0001d8f4                menu_get_choice
 .text.menu_item_add
                0x0001daec       0xd0 common/built-in.o
                0x0001daec                menu_item_add
 .text.menu_create
                0x0001dbbc       0x90 common/built-in.o
                0x0001dbbc                menu_create
 .text.menu_destroy
                0x0001dc4c       0x6c common/built-in.o
                0x0001dc4c                menu_destroy
 .text.usb_kbd_translate.part.0
                0x0001dcb8      0x12c common/built-in.o
 .text.usb_kbd_irq_worker
                0x0001dde4      0x1a8 common/built-in.o
 .text.usb_kbd_testc
                0x0001df8c       0x94 common/built-in.o
 .text.usb_kbd_getc
                0x0001e020       0x78 common/built-in.o
 .text.usb_kbd_irq
                0x0001e098       0x24 common/built-in.o
 .text.drv_usb_kbd_init
                0x0001e0bc      0x224 common/built-in.o
                0x0001e0bc                drv_usb_kbd_init
 .text.usb_kbd_deregister
                0x0001e2e0       0x74 common/built-in.o
                0x0001e2e0                usb_kbd_deregister
 .text.env_get_char_spec
                0x0001e354        0xc common/built-in.o
                0x0001e354                env_get_char_spec
 .text.env_get_addr
                0x0001e360       0x20 common/built-in.o
                0x0001e360                env_get_addr
 .text.env_get_char_memory
                0x0001e380       0x10 common/built-in.o
                0x0001e380                env_get_char_memory
 .text.env_get_char
                0x0001e390       0x30 common/built-in.o
                0x0001e390                env_get_char
 .text.getenv_yesno
                0x0001e3c0       0x3c common/built-in.o
                0x0001e3c0                getenv_yesno
 .text.getenv_default
                0x0001e3fc       0x30 common/built-in.o
                0x0001e3fc                getenv_default
 .text.set_default_env
                0x0001e42c       0xcc common/built-in.o
                0x0001e42c                set_default_env
 .text.set_default_vars
                0x0001e4f8       0x38 common/built-in.o
                0x0001e4f8                set_default_vars
 .text.env_import
                0x0001e530       0xdc common/built-in.o
                0x0001e530                env_import
 .text.env_export
                0x0001e60c       0xa0 common/built-in.o
                0x0001e60c                env_export
 .text.env_relocate
                0x0001e6ac       0x2c common/built-in.o
                0x0001e6ac                env_relocate
 .text.env_complete
                0x0001e6d8       0xf0 common/built-in.o
                0x0001e6d8                env_complete
 .text.console_tstc
                0x0001e7c8       0x88 common/built-in.o
 .text.console_putc
                0x0001e850       0x54 common/built-in.o
 .text.console_puts
                0x0001e8a4       0x54 common/built-in.o
 .text.on_console
                0x0001e8f8       0xbc common/built-in.o
 .text.serial_printf
                0x0001e9b4       0x48 common/built-in.o
                0x0001e9b4                serial_printf
 .text.console_getc.isra.0
                0x0001e9fc       0x28 common/built-in.o
 .text.putc     0x0001ea24       0x28 common/built-in.o
                0x0001ea24                putc
 .text.puts     0x0001ea4c       0x28 common/built-in.o
                0x0001ea4c                puts
 .text.tstc     0x0001ea74       0x24 common/built-in.o
                0x0001ea74                tstc
 .text.getc     0x0001ea98       0x44 common/built-in.o
                0x0001ea98                getc
 .text.ctrlc    0x0001eadc       0x58 common/built-in.o
                0x0001eadc                ctrlc
 .text.disable_ctrlc
                0x0001eb34       0x18 common/built-in.o
                0x0001eb34                disable_ctrlc
 .text.had_ctrlc
                0x0001eb4c       0x10 common/built-in.o
                0x0001eb4c                had_ctrlc
 .text.clear_ctrlc
                0x0001eb5c       0x14 common/built-in.o
                0x0001eb5c                clear_ctrlc
 .text.search_device
                0x0001eb70       0x28 common/built-in.o
                0x0001eb70                search_device
 .text.console_assign
                0x0001eb98       0xd4 common/built-in.o
                0x0001eb98                console_assign
 .text.console_init_f
                0x0001ec6c       0x10 common/built-in.o
                0x0001ec6c                console_init_f
 .text.stdio_print_current_devices
                0x0001ec7c       0xb0 common/built-in.o
                0x0001ec7c                stdio_print_current_devices
 .text.console_init_r
                0x0001ed2c      0x1b0 common/built-in.o
                0x0001ed2c                console_init_r
 .text.sbrk     0x0001eedc       0x6c common/built-in.o
                0x0001eedc                sbrk
 .text.mem_malloc_init
                0x0001ef48       0x34 common/built-in.o
                0x0001ef48                mem_malloc_init
 .text.malloc_trim
                0x0001ef7c       0xd0 common/built-in.o
                0x0001ef7c                malloc_trim
 .text.free     0x0001f04c      0x240 common/built-in.o
                0x0001f04c                free
 .text.malloc   0x0001f28c      0x610 common/built-in.o
                0x0001f28c                malloc
 .text.calloc   0x0001f89c      0x140 common/built-in.o
                0x0001f89c                calloc
 .text.realloc  0x0001f9dc      0x43c common/built-in.o
                0x0001f9dc                realloc
 .text.memalign
                0x0001fe18      0x170 common/built-in.o
                0x0001fe18                memalign
 .text.initf_malloc
                0x0001ff88       0x18 common/built-in.o
                0x0001ff88                initf_malloc
 .text.malloc_simple
                0x0001ffa0       0x30 common/built-in.o
                0x0001ffa0                malloc_simple
 .text.on_loadaddr
                0x0001ffd0       0x40 common/built-in.o
 .text.image_check_hcrc
                0x00020010       0x4c common/built-in.o
                0x00020010                image_check_hcrc
 .text.image_check_dcrc
                0x0002005c       0x38 common/built-in.o
                0x0002005c                image_check_dcrc
 .text.image_multi_count
                0x00020094       0x20 common/built-in.o
                0x00020094                image_multi_count
 .text.image_multi_getimg
                0x000200b4       0x80 common/built-in.o
                0x000200b4                image_multi_getimg
 .text.getenv_bootm_low
                0x00020134       0x28 common/built-in.o
                0x00020134                getenv_bootm_low
 .text.getenv_bootm_size
                0x0002015c       0x68 common/built-in.o
                0x0002015c                getenv_bootm_size
 .text.getenv_bootm_mapsize
                0x000201c4       0x30 common/built-in.o
                0x000201c4                getenv_bootm_mapsize
 .text.memmove_wd
                0x000201f4        0xc common/built-in.o
                0x000201f4                memmove_wd
 .text.genimg_print_size
                0x00020200       0x30 common/built-in.o
                0x00020200                genimg_print_size
 .text.get_table_entry
                0x00020230       0x24 common/built-in.o
                0x00020230                get_table_entry
 .text.get_table_entry_name
                0x00020254       0x20 common/built-in.o
                0x00020254                get_table_entry_name
 .text.genimg_get_os_name
                0x00020274       0x18 common/built-in.o
                0x00020274                genimg_get_os_name
 .text.genimg_get_arch_name
                0x0002028c       0x18 common/built-in.o
                0x0002028c                genimg_get_arch_name
 .text.genimg_get_type_name
                0x000202a4       0x18 common/built-in.o
                0x000202a4                genimg_get_type_name
 .text.genimg_get_comp_name
                0x000202bc       0x18 common/built-in.o
                0x000202bc                genimg_get_comp_name
 .text.image_print_contents
                0x000202d4      0x1b0 common/built-in.o
                0x000202d4                image_print_contents
 .text.genimg_get_kernel_addr_fit
                0x00020484       0x24 common/built-in.o
                0x00020484                genimg_get_kernel_addr_fit
 .text.genimg_get_kernel_addr
                0x000204a8       0x24 common/built-in.o
                0x000204a8                genimg_get_kernel_addr
 .text.genimg_get_format
                0x000204cc       0x34 common/built-in.o
                0x000204cc                genimg_get_format
 .text.genimg_get_image
                0x00020500        0x4 common/built-in.o
                0x00020500                genimg_get_image
 .text.genimg_has_config
                0x00020504        0x8 common/built-in.o
                0x00020504                genimg_has_config
 .text.boot_get_ramdisk
                0x0002050c      0x270 common/built-in.o
                0x0002050c                boot_get_ramdisk
 .text.boot_ramdisk_high
                0x0002077c      0x130 common/built-in.o
                0x0002077c                boot_ramdisk_high
 .text.boot_get_setup
                0x000208ac        0x8 common/built-in.o
                0x000208ac                boot_get_setup
 .text.image_setup_linux
                0x000208b4       0x88 common/built-in.o
                0x000208b4                image_setup_linux
 .text.fdt_error
                0x0002093c       0x2c common/built-in.o
 .text.boot_fdt_add_mem_rsv_regions
                0x00020968       0x8c common/built-in.o
                0x00020968                boot_fdt_add_mem_rsv_regions
 .text.boot_relocate_fdt
                0x000209f4      0x194 common/built-in.o
                0x000209f4                boot_relocate_fdt
 .text.boot_get_fdt
                0x00020b88      0x28c common/built-in.o
                0x00020b88                boot_get_fdt
 .text.ft_verify_fdt
                0x00020e14        0x8 common/built-in.o
                0x00020e14                ft_verify_fdt
 .text.image_setup_libfdt
                0x00020e1c      0x13c common/built-in.o
                0x00020e1c                image_setup_libfdt
 .text.get_effective_memsize
                0x00020f58        0x8 common/built-in.o
                0x00020f58                get_effective_memsize
 .text.nulldev_putc
                0x00020f60        0x4 common/built-in.o
 .text.nulldev_puts
                0x00020f64        0x4 common/built-in.o
 .text.nulldev_input
                0x00020f68        0x8 common/built-in.o
 .text.stdio_serial_tstc
                0x00020f70        0x4 common/built-in.o
 .text.stdio_serial_getc
                0x00020f74        0x4 common/built-in.o
 .text.stdio_serial_puts
                0x00020f78        0x8 common/built-in.o
 .text.stdio_serial_putc
                0x00020f80        0x8 common/built-in.o
 .text.stdio_get_list
                0x00020f88        0xc common/built-in.o
                0x00020f88                stdio_get_list
 .text.stdio_get_by_name
                0x00020f94       0x4c common/built-in.o
                0x00020f94                stdio_get_by_name
 .text.stdio_clone
                0x00020fe0       0x38 common/built-in.o
                0x00020fe0                stdio_clone
 .text.stdio_register_dev
                0x00021018       0x50 common/built-in.o
                0x00021018                stdio_register_dev
 .text.stdio_register
                0x00021068        0x8 common/built-in.o
                0x00021068                stdio_register
 .text.stdio_deregister_dev
                0x00021070       0xf0 common/built-in.o
                0x00021070                stdio_deregister_dev
 .text.stdio_init_tables
                0x00021160       0x1c common/built-in.o
                0x00021160                stdio_init_tables
 .text.stdio_add_devices
                0x0002117c       0xd0 common/built-in.o
                0x0002117c                stdio_add_devices
 .text.cli_simple_process_macros
                0x0002124c      0x218 common/built-in.o
                0x0002124c                cli_simple_process_macros
 .text.run_command
                0x00021464       0x10 common/built-in.o
                0x00021464                run_command
 .text.run_command_list
                0x00021474       0x7c common/built-in.o
                0x00021474                run_command_list
 .text.do_run   0x000214f0       0x74 common/built-in.o
                0x000214f0                do_run
 .text.cli_process_fdt
                0x00021564       0x40 common/built-in.o
                0x00021564                cli_process_fdt
 .text.cli_secure_boot_cmd
                0x000215a4       0x78 common/built-in.o
                0x000215a4                cli_secure_boot_cmd
 .text.cli_loop
                0x0002161c        0xc common/built-in.o
                0x0002161c                cli_loop
 .text.cli_init
                0x00021628        0x4 common/built-in.o
                0x00021628                cli_init
 .text.delete_char.part.0
                0x0002162c       0xd4 common/built-in.o
 .text.cread_add_char
                0x00021700       0xe8 common/built-in.o
 .text.cli_readline_into_buffer
                0x000217e8      0xa1c common/built-in.o
                0x000217e8                cli_readline_into_buffer
 .text.cli_readline
                0x00022204       0x14 common/built-in.o
                0x00022204                cli_readline
 .text.find_cmd_tbl
                0x00022218       0xa0 common/built-in.o
                0x00022218                find_cmd_tbl
 .text.find_cmd
                0x000222b8       0x28 common/built-in.o
                0x000222b8                find_cmd
 .text.cmd_usage
                0x000222e0       0x5c common/built-in.o
                0x000222e0                cmd_usage
 .text._do_help
                0x0002233c      0x188 common/built-in.o
                0x0002233c                _do_help
 .text.var_complete
                0x000224c4       0x94 common/built-in.o
                0x000224c4                var_complete
 .text.cmd_auto_complete
                0x00022558      0x4cc common/built-in.o
                0x00022558                cmd_auto_complete
 .text.cmd_get_data_size
                0x00022a24       0x50 common/built-in.o
                0x00022a24                cmd_get_data_size
 .text.cmd_process
                0x00022a74       0xec common/built-in.o
                0x00022a74                cmd_process
 .text.cmd_process_error
                0x00022b60       0x30 common/built-in.o
                0x00022b60                cmd_process_error
 .text.hex1_bin
                0x00022b90       0x40 common/built-in.o
 .text.hex2_bin
                0x00022bd0       0x38 common/built-in.o
 .text.srec_decode
                0x00022c08      0x24c common/built-in.o
                0x00022c08                srec_decode
 .text.CYGACC_COMM_IF_GETC_TIMEOUT.isra.0
                0x00022e54       0x4c common/built-in.o
 .text.xyzModem_flush
                0x00022ea0       0x1c common/built-in.o
 .text.xyzModem_get_hdr
                0x00022ebc      0x220 common/built-in.o
 .text.xyzModem_stream_open
                0x000230dc      0x228 common/built-in.o
                0x000230dc                xyzModem_stream_open
 .text.xyzModem_stream_read
                0x00023304      0x24c common/built-in.o
                0x00023304                xyzModem_stream_read
 .text.xyzModem_stream_close
                0x00023550       0x54 common/built-in.o
                0x00023550                xyzModem_stream_close
 .text.xyzModem_stream_terminate
                0x000235a4       0x94 common/built-in.o
                0x000235a4                xyzModem_stream_terminate
 .text.xyzModem_error
                0x00023638       0x20 common/built-in.o
                0x00023638                xyzModem_error
 .text.blk_get_dev
                0x00023658       0x30 disk/built-in.o
                0x00023658                blk_get_dev
 .text.dev_print
                0x00023688      0x218 disk/built-in.o
                0x00023688                dev_print
 .text.part_init
                0x000238a0       0x54 disk/built-in.o
                0x000238a0                part_init
 .text.part_print
                0x000238f4      0x128 disk/built-in.o
                0x000238f4                part_print
 .text.part_get_info
                0x00023a1c       0x6c disk/built-in.o
                0x00023a1c                part_get_info
 .text.blk_get_device_by_str
                0x00023a88      0x154 disk/built-in.o
                0x00023a88                blk_get_device_by_str
 .text.blk_get_device_part_str
                0x00023bdc      0x3ec disk/built-in.o
                0x00023bdc                blk_get_device_part_str
 .text.part_set_generic_name
                0x00023fc8       0x4c disk/built-in.o
                0x00023fc8                part_set_generic_name
 .text.test_block_type
                0x00024014       0x84 disk/built-in.o
 .text.print_partition_extended
                0x00024098      0x270 disk/built-in.o
 .text.part_print_dos
                0x00024308       0x34 disk/built-in.o
                0x00024308                part_print_dos
 .text.part_test_dos
                0x0002433c       0x60 disk/built-in.o
 .text.part_get_info_extended
                0x0002439c      0x2a4 disk/built-in.o
 .text.part_get_info_dos
                0x00024640       0x24 disk/built-in.o
                0x00024640                part_get_info_dos
 .text.iso_dread
                0x00024664       0x34 disk/built-in.o
                0x00024664                iso_dread
 .text.part_get_info_iso_verb
                0x00024698      0x3c8 disk/built-in.o
                0x00024698                part_get_info_iso_verb
 .text.part_test_iso
                0x00024a60       0x20 disk/built-in.o
 .text.part_print_iso
                0x00024a80       0x9c disk/built-in.o
 .text.part_get_info_iso
                0x00024b1c        0x8 disk/built-in.o
 .text.print_efiname
                0x00024b24       0x88 disk/built-in.o
 .text.part_test_efi
                0x00024bac       0xd0 disk/built-in.o
 .text.validate_gpt_entries
                0x00024c7c       0x98 disk/built-in.o
 *fill*         0x00024d14        0x4 
 .text.validate_gpt_header
                0x00024d18      0x228 disk/built-in.o
 .text.is_gpt_valid
                0x00024f40      0x1c8 disk/built-in.o
 .text.is_pte_valid
                0x00025108       0x58 disk/built-in.o
 .text.part_print_efi
                0x00025160      0x284 disk/built-in.o
                0x00025160                part_print_efi
 .text.part_get_info_efi
                0x000253e4      0x1f0 disk/built-in.o
                0x000253e4                part_get_info_efi
 .text.device_bind_common.isra.0
                0x000255d4      0x348 drivers/built-in.o
 .text.alloc_priv
                0x0002591c       0x44 drivers/built-in.o
 .text.device_bind_with_driver_data
                0x00025960       0x24 drivers/built-in.o
                0x00025960                device_bind_with_driver_data
 .text.device_bind_by_name
                0x00025984       0x68 drivers/built-in.o
                0x00025984                device_bind_by_name
 .text.device_probe
                0x000259ec      0x21c drivers/built-in.o
                0x000259ec                device_probe
 .text.dev_get_platdata
                0x00025c08       0x30 drivers/built-in.o
                0x00025c08                dev_get_platdata
 .text.dev_get_uclass_platdata
                0x00025c38       0x30 drivers/built-in.o
                0x00025c38                dev_get_uclass_platdata
 .text.dev_get_priv
                0x00025c68       0x30 drivers/built-in.o
                0x00025c68                dev_get_priv
 .text.dev_get_uclass_priv
                0x00025c98       0x30 drivers/built-in.o
                0x00025c98                dev_get_uclass_priv
 .text.dev_get_addr_index
                0x00025cc8       0xac drivers/built-in.o
                0x00025cc8                dev_get_addr_index
 .text.dev_get_addr
                0x00025d74        0x8 drivers/built-in.o
                0x00025d74                dev_get_addr
 .text.lists_driver_lookup_name
                0x00025d7c       0x48 drivers/built-in.o
                0x00025d7c                lists_driver_lookup_name
 .text.lists_uclass_lookup
                0x00025dc4       0x38 drivers/built-in.o
                0x00025dc4                lists_uclass_lookup
 .text.lists_bind_drivers
                0x00025dfc       0x8c drivers/built-in.o
                0x00025dfc                lists_bind_drivers
 .text.lists_bind_fdt
                0x00025e88      0x190 drivers/built-in.o
                0x00025e88                lists_bind_fdt
 .text.dm_root  0x00026018       0x2c drivers/built-in.o
                0x00026018                dm_root
 .text.dm_get_translation_offset
                0x00026044       0x14 drivers/built-in.o
                0x00026044                dm_get_translation_offset
 .text.dm_init  0x00026058       0x60 drivers/built-in.o
                0x00026058                dm_init
 .text.dm_scan_platdata
                0x000260b8       0x2c drivers/built-in.o
                0x000260b8                dm_scan_platdata
 .text.dm_scan_fdt_node
                0x000260e4       0xcc drivers/built-in.o
                0x000260e4                dm_scan_fdt_node
 .text.dm_scan_fdt_dev
                0x000261b0       0x28 drivers/built-in.o
                0x000261b0                dm_scan_fdt_dev
 .text.dm_scan_fdt
                0x000261d8       0x18 drivers/built-in.o
                0x000261d8                dm_scan_fdt
 .text.dm_scan_other
                0x000261f0        0x8 drivers/built-in.o
                0x000261f0                dm_scan_other
 .text.dm_init_and_scan
                0x000261f8       0x44 drivers/built-in.o
                0x000261f8                dm_init_and_scan
 .text.uclass_find
                0x0002623c       0x4c drivers/built-in.o
                0x0002623c                uclass_find
 .text.uclass_get
                0x00026288      0x118 drivers/built-in.o
                0x00026288                uclass_get
 .text.uclass_find_device
                0x000263a0       0x74 drivers/built-in.o
                0x000263a0                uclass_find_device
 .text.uclass_find_first_device
                0x00026414       0x3c drivers/built-in.o
                0x00026414                uclass_find_first_device
 .text.uclass_find_next_device
                0x00026450       0x2c drivers/built-in.o
                0x00026450                uclass_find_next_device
 .text.uclass_find_device_by_seq
                0x0002647c       0x7c drivers/built-in.o
                0x0002647c                uclass_find_device_by_seq
 .text.uclass_find_device_by_of_offset
                0x000264f8       0x68 drivers/built-in.o
                0x000264f8                uclass_find_device_by_of_offset
 .text.uclass_get_device_by_driver
                0x00026560       0x6c drivers/built-in.o
                0x00026560                uclass_get_device_by_driver
 .text.uclass_get_device_tail
                0x000265cc       0x30 drivers/built-in.o
                0x000265cc                uclass_get_device_tail
 .text.uclass_get_device
                0x000265fc       0x30 drivers/built-in.o
                0x000265fc                uclass_get_device
 .text.uclass_get_device_by_seq
                0x0002662c       0x54 drivers/built-in.o
                0x0002662c                uclass_get_device_by_seq
 .text.uclass_get_device_by_of_offset
                0x00026680       0x30 drivers/built-in.o
                0x00026680                uclass_get_device_by_of_offset
 .text.uclass_first_device
                0x000266b0       0x38 drivers/built-in.o
                0x000266b0                uclass_first_device
 .text.uclass_next_device
                0x000266e8       0x40 drivers/built-in.o
                0x000266e8                uclass_next_device
 .text.uclass_bind_device
                0x00026728       0x7c drivers/built-in.o
                0x00026728                uclass_bind_device
 .text.uclass_unbind_device
                0x000267a4       0x4c drivers/built-in.o
                0x000267a4                uclass_unbind_device
 .text.uclass_resolve_seq
                0x000267f0       0xb4 drivers/built-in.o
                0x000267f0                uclass_resolve_seq
 .text.uclass_pre_probe_device
                0x000268a4       0x64 drivers/built-in.o
                0x000268a4                uclass_pre_probe_device
 .text.uclass_post_probe_device
                0x00026908       0x20 drivers/built-in.o
                0x00026908                uclass_post_probe_device
 .text.uclass_pre_remove_device
                0x00026928       0x20 drivers/built-in.o
                0x00026928                uclass_pre_remove_device
 .text.dm_warn  0x00026948       0x28 drivers/built-in.o
                0x00026948                dm_warn
 .text.device_free
                0x00026970       0x90 drivers/built-in.o
                0x00026970                device_free
 .text.device_remove
                0x00026a00      0x128 drivers/built-in.o
                0x00026a00                device_remove
 .text.simple_bus_post_bind
                0x00026b28       0x64 drivers/built-in.o
 .text.show_devices
                0x00026b8c      0x100 drivers/built-in.o
 .text.dm_dump_all
                0x00026c8c       0x3c drivers/built-in.o
                0x00026c8c                dm_dump_all
 .text.dm_dump_uclass
                0x00026cc8       0xec drivers/built-in.o
                0x00026cc8                dm_dump_uclass
 .text.get_desc
                0x00026db4       0x6c drivers/built-in.o
 .text.blk_driver_lookup_type
                0x00026e20       0x38 drivers/built-in.o
                0x00026e20                blk_driver_lookup_type
 .text.blk_get_devnum_by_type
                0x00026e58       0x3c drivers/built-in.o
                0x00026e58                blk_get_devnum_by_type
 .text.blk_dselect_hwpart
                0x00026e94       0x48 drivers/built-in.o
                0x00026e94                blk_dselect_hwpart
 .text.blk_get_devnum_by_typename
                0x00026edc       0x68 drivers/built-in.o
                0x00026edc                blk_get_devnum_by_typename
 .text.blk_select_hwpart_devnum
                0x00026f44       0x48 drivers/built-in.o
                0x00026f44                blk_select_hwpart_devnum
 .text.lcd_ctrl_init
                0x00026f8c      0x230 drivers/built-in.o
                0x00026f8c                lcd_ctrl_init
 .text.lcd_enable
                0x000271bc        0x4 drivers/built-in.o
                0x000271bc                lcd_enable
 .text.lcd_get_size
                0x000271c0       0x24 drivers/built-in.o
                0x000271c0                lcd_get_size
 .text.gpio_to_device
                0x000271e4       0x80 drivers/gpio/built-in.o
 .text.check_reserved
                0x00027264       0x74 drivers/gpio/built-in.o
 .text.gpio_renumber
                0x000272d8       0x84 drivers/gpio/built-in.o
 .text.gpio_pre_remove
                0x0002735c       0x50 drivers/gpio/built-in.o
 .text.gpio_post_probe
                0x000273ac       0x38 drivers/gpio/built-in.o
 .text.dm_gpio_lookup_name
                0x000273e4      0x108 drivers/gpio/built-in.o
                0x000273e4                dm_gpio_lookup_name
 .text.gpio_lookup_name
                0x000274ec       0x70 drivers/gpio/built-in.o
                0x000274ec                gpio_lookup_name
 .text.dm_gpio_request
                0x0002755c       0x98 drivers/gpio/built-in.o
                0x0002755c                dm_gpio_request
 .text.gpio_request
                0x000275f4       0x2c drivers/gpio/built-in.o
                0x000275f4                gpio_request
 .text._dm_gpio_free
                0x00027620       0x74 drivers/gpio/built-in.o
                0x00027620                _dm_gpio_free
 .text.gpio_free
                0x00027694       0x28 drivers/gpio/built-in.o
                0x00027694                gpio_free
 .text.gpio_direction_input
                0x000276bc       0x4c drivers/gpio/built-in.o
                0x000276bc                gpio_direction_input
 .text.gpio_direction_output
                0x00027708       0x54 drivers/gpio/built-in.o
                0x00027708                gpio_direction_output
 .text.dm_gpio_get_value
                0x0002775c       0x48 drivers/gpio/built-in.o
                0x0002775c                dm_gpio_get_value
 .text.dm_gpio_set_value
                0x000277a4       0x54 drivers/gpio/built-in.o
                0x000277a4                dm_gpio_set_value
 .text.gpio_get_value
                0x000277f8       0x24 drivers/gpio/built-in.o
                0x000277f8                gpio_get_value
 .text.gpio_set_value
                0x0002781c       0x2c drivers/gpio/built-in.o
                0x0002781c                gpio_set_value
 .text.gpio_get_bank_info
                0x00027848       0x1c drivers/gpio/built-in.o
                0x00027848                gpio_get_bank_info
 .text.get_function
                0x00027864       0xac drivers/gpio/built-in.o
                0x00027864                get_function
 .text.gpio_get_function
                0x00027910        0xc drivers/gpio/built-in.o
                0x00027910                gpio_get_function
 .text.gpio_get_raw_function
                0x0002791c        0xc drivers/gpio/built-in.o
                0x0002791c                gpio_get_raw_function
 .text.gpio_get_status
                0x00027928      0x114 drivers/gpio/built-in.o
                0x00027928                gpio_get_status
 .text.bcm2835_gpio_set_value
                0x00027a3c       0x48 drivers/gpio/built-in.o
 .text.bcm2835_gpio_get_value
                0x00027a84       0x38 drivers/gpio/built-in.o
 .text.bcm2835_gpio_direction_input
                0x00027abc       0x50 drivers/gpio/built-in.o
 .text.bcm2835_gpio_direction_output
                0x00027b0c       0x6c drivers/gpio/built-in.o
 .text.bcm2835_gpio_ofdata_to_platdata
                0x00027b78       0x2c drivers/gpio/built-in.o
 .text.bcm2835_gpio_probe
                0x00027ba4       0x48 drivers/gpio/built-in.o
 .text.bcm2835_gpio_get_func_id
                0x00027bec       0x40 drivers/gpio/built-in.o
                0x00027bec                bcm2835_gpio_get_func_id
 .text.bcm2835_gpio_get_function
                0x00027c2c       0x14 drivers/gpio/built-in.o
 .text.find_mmc_device
                0x00027c40       0x4c drivers/mmc/built-in.o
                0x00027c40                find_mmc_device
 .text.mmc_select_hwpartp
                0x00027c8c       0x54 drivers/mmc/built-in.o
 .text.mmc_get_dev
                0x00027ce0       0x30 drivers/mmc/built-in.o
 .text.mmc_get_next_devnum
                0x00027d10       0x18 drivers/mmc/built-in.o
                0x00027d10                mmc_get_next_devnum
 .text.mmc_get_blk_desc
                0x00027d28        0x8 drivers/mmc/built-in.o
                0x00027d28                mmc_get_blk_desc
 .text.get_mmc_num
                0x00027d30       0x10 drivers/mmc/built-in.o
                0x00027d30                get_mmc_num
 .text.mmc_do_preinit
                0x00027d40       0x3c drivers/mmc/built-in.o
                0x00027d40                mmc_do_preinit
 .text.mmc_list_init
                0x00027d7c       0x24 drivers/mmc/built-in.o
                0x00027d7c                mmc_list_init
 .text.mmc_list_add
                0x00027da0       0x24 drivers/mmc/built-in.o
                0x00027da0                mmc_list_add
 .text.print_mmc_devices
                0x00027dc4       0xc0 drivers/mmc/built-in.o
                0x00027dc4                print_mmc_devices
 .text.mmc_create
                0x00027e84       0xd4 drivers/mmc/built-in.o
                0x00027e84                mmc_create
 .text.mmc_set_ios
                0x00027f58       0x18 drivers/mmc/built-in.o
 .text.mmc_set_capacity
                0x00027f70       0xb0 drivers/mmc/built-in.o
 .text.board_mmc_getwp
                0x00028020        0x8 drivers/mmc/built-in.o
                0x00028020                board_mmc_getwp
 .text.mmc_getwp
                0x00028028       0x3c drivers/mmc/built-in.o
                0x00028028                mmc_getwp
 .text.board_mmc_getcd
                0x00028064        0x8 drivers/mmc/built-in.o
                0x00028064                board_mmc_getcd
 .text.mmc_send_cmd
                0x0002806c       0x10 drivers/mmc/built-in.o
                0x0002806c                mmc_send_cmd
 .text.mmc_send_ext_csd
                0x0002807c       0x4c drivers/mmc/built-in.o
 .text.mmc_go_idle
                0x000280c8       0x4c drivers/mmc/built-in.o
 .text.mmc_send_op_cond_iter
                0x00028114       0x78 drivers/mmc/built-in.o
 .text.mmc_send_status
                0x0002818c       0xcc drivers/mmc/built-in.o
                0x0002818c                mmc_send_status
 .text.mmc_set_blocklen
                0x00028258       0x40 drivers/mmc/built-in.o
                0x00028258                mmc_set_blocklen
 .text.mmc_bread
                0x00028298      0x160 drivers/mmc/built-in.o
                0x00028298                mmc_bread
 .text.mmc_switch
                0x000283f8       0x68 drivers/mmc/built-in.o
                0x000283f8                mmc_switch
 .text.mmc_switch_part
                0x00028460       0x64 drivers/mmc/built-in.o
                0x00028460                mmc_switch_part
 .text.mmc_hwpart_config
                0x000284c4      0x434 drivers/mmc/built-in.o
                0x000284c4                mmc_hwpart_config
 .text.mmc_getcd
                0x000288f8       0x3c drivers/mmc/built-in.o
                0x000288f8                mmc_getcd
 .text.mmc_set_clock
                0x00028934       0x24 drivers/mmc/built-in.o
                0x00028934                mmc_set_clock
 .text.mmc_startup
                0x00028958      0xdbc drivers/mmc/built-in.o
 .text.board_mmc_power_init
                0x00029714        0x4 drivers/mmc/built-in.o
                0x00029714                board_mmc_power_init
 .text.mmc_start_init
                0x00029718      0x258 drivers/mmc/built-in.o
                0x00029718                mmc_start_init
 .text.mmc_init
                0x00029970       0xfc drivers/mmc/built-in.o
                0x00029970                mmc_init
 .text.mmc_set_dsr
                0x00029a6c        0xc drivers/mmc/built-in.o
                0x00029a6c                mmc_set_dsr
 .text.cpu_mmc_init
                0x00029a78        0x8 drivers/mmc/built-in.o
                0x00029a78                cpu_mmc_init
 .text.mmc_initialize
                0x00029a80       0x5c drivers/mmc/built-in.o
                0x00029a80                mmc_initialize
 .text.mmc_berase
                0x00029adc      0x1b4 drivers/mmc/built-in.o
                0x00029adc                mmc_berase
 .text.mmc_bwrite
                0x00029c90      0x18c drivers/mmc/built-in.o
                0x00029c90                mmc_bwrite
 .text.sdhci_reset
                0x00029e1c       0xa4 drivers/mmc/built-in.o
 .text.sdhci_init
                0x00029ec0      0x2a4 drivers/mmc/built-in.o
 .text.sdhci_set_ios
                0x0002a164      0x3b4 drivers/mmc/built-in.o
 .text.sdhci_send_command
                0x0002a518      0x72c drivers/mmc/built-in.o
 .text.sdhci_setup_cfg
                0x0002ac44      0x224 drivers/mmc/built-in.o
                0x0002ac44                sdhci_setup_cfg
 .text.add_sdhci
                0x0002ae68       0x60 drivers/mmc/built-in.o
                0x0002ae68                add_sdhci
 .text.bcm2835_sdhci_readl
                0x0002aec8       0x10 drivers/mmc/built-in.o
 .text.bcm2835_sdhci_readw
                0x0002aed8       0x24 drivers/mmc/built-in.o
 .text.bcm2835_sdhci_readb
                0x0002aefc       0x24 drivers/mmc/built-in.o
 .text.bcm2835_sdhci_writel
                0x0002af20       0x40 drivers/mmc/built-in.o
 .text.bcm2835_sdhci_writew
                0x0002af60       0x88 drivers/mmc/built-in.o
 .text.bcm2835_sdhci_writeb
                0x0002afe8       0x5c drivers/mmc/built-in.o
 .text.bcm2835_sdhci_init
                0x0002b044       0x88 drivers/mmc/built-in.o
                0x0002b044                bcm2835_sdhci_init
 .text._serial_putc
                0x0002b0cc       0x40 drivers/serial/built-in.o
 .text._serial_getc
                0x0002b10c       0x2c drivers/serial/built-in.o
 .text._serial_tstc
                0x0002b138       0x24 drivers/serial/built-in.o
 .text.serial_stub_putc
                0x0002b15c        0x8 drivers/serial/built-in.o
 .text.serial_stub_getc
                0x0002b164        0x8 drivers/serial/built-in.o
                0x0002b164                serial_stub_getc
 .text.serial_stub_tstc
                0x0002b16c        0x8 drivers/serial/built-in.o
                0x0002b16c                serial_stub_tstc
 .text.serial_pre_remove
                0x0002b174       0x24 drivers/serial/built-in.o
 .text.serial_post_probe
                0x0002b198       0xc0 drivers/serial/built-in.o
 .text.serial_stub_puts
                0x0002b258       0x28 drivers/serial/built-in.o
                0x0002b258                serial_stub_puts
 .text.serial_init
                0x0002b280      0x158 drivers/serial/built-in.o
                0x0002b280                serial_init
 .text.serial_initialize
                0x0002b3d8        0x4 drivers/serial/built-in.o
                0x0002b3d8                serial_initialize
 .text.serial_putc
                0x0002b3dc       0x18 drivers/serial/built-in.o
                0x0002b3dc                serial_putc
 .text.serial_puts
                0x0002b3f4       0x34 drivers/serial/built-in.o
                0x0002b3f4                serial_puts
 .text.serial_getc
                0x0002b428       0x14 drivers/serial/built-in.o
                0x0002b428                serial_getc
 .text.serial_tstc
                0x0002b43c       0x14 drivers/serial/built-in.o
                0x0002b43c                serial_tstc
 .text.serial_setbrg
                0x0002b450       0x30 drivers/serial/built-in.o
                0x0002b450                serial_setbrg
 .text.on_baudrate
                0x0002b480       0xf0 drivers/serial/built-in.o
 .text.serial_stdio_init
                0x0002b570        0x4 drivers/serial/built-in.o
                0x0002b570                serial_stdio_init
 .text.bcm283x_mu_serial_pending
                0x0002b574       0x50 drivers/serial/built-in.o
 .text.bcm283x_mu_serial_putc
                0x0002b5c4       0x54 drivers/serial/built-in.o
 .text.bcm283x_mu_serial_getc
                0x0002b618       0x4c drivers/serial/built-in.o
 .text.bcm283x_mu_serial_setbrg
                0x0002b664       0x58 drivers/serial/built-in.o
 .text.bcm283x_mu_serial_probe
                0x0002b6bc       0x34 drivers/serial/built-in.o
 .text.bcm283x_mu_serial_ofdata_to_platdata
                0x0002b6f0       0x74 drivers/serial/built-in.o
 .text.usb_host_eth_scan
                0x0002b764      0x1d4 drivers/usb/eth/built-in.o
                0x0002b764                usb_host_eth_scan
 .text.smsc95xx_halt
                0x0002b938        0x4 drivers/usb/eth/built-in.o
 .text.smsc95xx_write_reg
                0x0002b93c       0x68 drivers/usb/eth/built-in.o
 .text.smsc95xx_read_reg
                0x0002b9a4       0x74 drivers/usb/eth/built-in.o
 .text.smsc95xx_send_common
                0x0002ba18       0xb4 drivers/usb/eth/built-in.o
 .text.smsc95xx_send
                0x0002bacc        0x8 drivers/usb/eth/built-in.o
 .text.smsc95xx_recv
                0x0002bad4      0x10c drivers/usb/eth/built-in.o
 .text.unlikely.smsc95xx_phy_wait_not_busy
                0x0002bbe0       0x4c drivers/usb/eth/built-in.o
 .text.unlikely.smsc95xx_mdio_read
                0x0002bc2c       0x64 drivers/usb/eth/built-in.o
 .text.smsc95xx_write_hwaddr_common.isra.1
                0x0002bc90       0x64 drivers/usb/eth/built-in.o
 .text.smsc95xx_write_hwaddr
                0x0002bcf4       0x18 drivers/usb/eth/built-in.o
 .text.unlikely.smsc95xx_mdio_write
                0x0002bd0c       0x54 drivers/usb/eth/built-in.o
 .text.smsc95xx_init
                0x0002bd60      0x5b0 drivers/usb/eth/built-in.o
 .text.smsc95xx_eth_before_probe
                0x0002c310       0x14 drivers/usb/eth/built-in.o
                0x0002c310                smsc95xx_eth_before_probe
 .text.smsc95xx_eth_probe
                0x0002c324      0x150 drivers/usb/eth/built-in.o
                0x0002c324                smsc95xx_eth_probe
 .text.smsc95xx_eth_get_info
                0x0002c474       0x84 drivers/usb/eth/built-in.o
                0x0002c474                smsc95xx_eth_get_info
 .text.dwc_otg_core_reset
                0x0002c4f8       0xb0 drivers/usb/host/built-in.o
 .text.wait_for_chhltd
                0x0002c5a8       0x90 drivers/usb/host/built-in.o
                0x0002c5a8                wait_for_chhltd
 .text.chunk_msg
                0x0002c638      0x3dc drivers/usb/host/built-in.o
                0x0002c638                chunk_msg
 .text._submit_bulk_msg
                0x0002ca14       0x68 drivers/usb/host/built-in.o
                0x0002ca14                _submit_bulk_msg
 .text._submit_int_msg
                0x0002ca7c       0x80 drivers/usb/host/built-in.o
                0x0002ca7c                _submit_int_msg
 .text.submit_control_msg
                0x0002cafc      0x53c drivers/usb/host/built-in.o
                0x0002cafc                submit_control_msg
 .text.submit_bulk_msg
                0x0002d038       0x28 drivers/usb/host/built-in.o
                0x0002d038                submit_bulk_msg
 .text.submit_int_msg
                0x0002d060       0x2c drivers/usb/host/built-in.o
                0x0002d060                submit_int_msg
 .text.usb_lowlevel_init
                0x0002d08c      0x3f8 drivers/usb/host/built-in.o
                0x0002d08c                usb_lowlevel_init
 .text.usb_lowlevel_stop
                0x0002d484       0x28 drivers/usb/host/built-in.o
                0x0002d484                usb_lowlevel_stop
 .text.fs_probe_unsupported
                0x0002d4ac       0x18 fs/built-in.o
 .text.fs_exists_unsupported